PEDRA12_BUILD.log — logs COMPLETOS do elaborador Lean (via CI GitHub Actions),
todas as tentativas da 12ª pedra, sem resumir. Extraídos dos jobs build-phase3.
NOTA: o ambiente do Fable não tem toolchain Lean local; o compilador é o CI.
Cada tentativa corresponde a um commit (ver git log de Phase3/LatticeGauge/SingleLink.lean).
======================================================================

######################################################################
## TENTATIVA v1 — subtipo-singleton + funUnique separados
######################################################################
error: ././././LatticeGauge/SingleLink.lean:47:8: tactic 'rewrite' failed, did not find instance of the pattern in the target expression
  ∫ (y : ({ x // x ∈ {ℓ₀} } → G) × ({ i // i ∉ {ℓ₀} } → G)),
    φ y.1 * 1 ∂(Measure.pi fun i => μm).prod (Measure.pi fun i => μm)
N : ℕ
G : Type u_1
inst✝⁴ : Group G
inst✝³ : MeasurableSpace G
μm : Measure G
inst✝² : SigmaFinite μm
inst✝¹ : IsProbabilityMeasure μm
inst✝ : NeZero N
ℓ₀ : Link N
f₀ : G → ℝ
mf₀ : Measurable f₀
huniq : Unique { ℓ // ℓ ∈ {ℓ₀} }
e : (Link N → G) ≃ᵐ ({ x // x ∈ {ℓ₀} } → G) × ({ i // i ∉ {ℓ₀} } → G) :=
  MeasurableEquiv.piEquivPiSubtypeProd (fun x => G) fun x => x ∈ {ℓ₀}
he : e = MeasurableEquiv.piEquivPiSubtypeProd (fun x => G) fun x => x ∈ {ℓ₀}
hmp :
  MeasurePreserving (⇑(MeasurableEquiv.piEquivPiSubtypeProd (fun x => G) fun x => x ∈ {ℓ₀})) (Measure.pi fun x => μm)
    ((Measure.pi fun i => μm).prod (Measure.pi fun i => μm))
hemb : MeasurableEmbedding ⇑e
φ : ({ ℓ // ℓ ∈ {ℓ₀} } → G) → ℝ := fun y => f₀ (y default)
hφ : φ = fun y => f₀ (y default)
⊢ ∫ (U : Config N G), f₀ (U ℓ₀) ∂configMeasure μm N =
    ∫ (w : ({ ℓ // ℓ ∈ {ℓ₀} } → G) × ({ ℓ // ℓ ∉ {ℓ₀} } → G)),
      φ w.1 * 1 ∂(Measure.pi fun x => μm).prod (Measure.pi fun x => μm)
error: ././././LatticeGauge/SingleLink.lean:66:4: tactic 'rfl' failed, the left-hand side
  ∫ (y : { ℓ // ℓ ∈ {ℓ₀} } → G),
    φ y ∂@Measure.pi { ℓ // ℓ ∈ {ℓ₀} } (fun x => G) (Set.fintypeSingleton ℓ₀) (fun i => inst✝³) fun x => μm
is not definitionally equal to the right-hand side
  ∫ (x : { ℓ // ℓ ∈ {ℓ₀} } → G),
    f₀
      ((MeasurableEquiv.funUnique { ℓ // ℓ ∈ {ℓ₀} } G)
        x) 
------------------------------------------------------------
error: ././././LatticeGauge/SingleLink.lean:66:4: tactic 'rfl' failed, the left-hand side
  ∫ (y : { ℓ // ℓ ∈ {ℓ₀} } → G),
    φ y ∂@Measure.pi { ℓ // ℓ ∈ {ℓ₀} } (fun x => G) (Set.fintypeSingleton ℓ₀) (fun i => inst✝³) fun x => μm
is not definitionally equal to the right-hand side
  ∫ (x : { ℓ // ℓ ∈ {ℓ₀} } → G),
    f₀
      ((MeasurableEquiv.funUnique { ℓ // ℓ ∈ {ℓ₀} } G)
        x) ∂@Measure.pi { ℓ // ℓ ∈ {ℓ₀} } (fun a => G) Unique.fintype (fun i => inst✝³) fun x => μm
N : ℕ
G : Type u_1
inst✝⁴ : Group G
inst✝³ : MeasurableSpace G
μm : Measure G
inst✝² : SigmaFinite μm
inst✝¹ : IsProbabilityMeasure μm
inst✝ : NeZero N
ℓ₀ : Link N
f₀ : G → ℝ
mf₀ : Measurable f₀
huniq : Unique { ℓ // ℓ ∈ {ℓ₀} }
e : (Link N → G) ≃ᵐ ({ x // x ∈ {ℓ₀} } → G) × ({ i // i ∉ {ℓ₀} } → G) :=
  MeasurableEquiv.piEquivPiSubtypeProd (fun x => G) fun x => x ∈ {ℓ₀}
he : e = MeasurableEquiv.piEquivPiSubtypeProd (fun x => G) fun x => x ∈ {ℓ₀}
hmp :
  MeasurePreserving (⇑(MeasurableEquiv.piEquivPiSubtypeProd (fun x => G) fun x => x ∈ {ℓ₀})) (Measure.pi fun x => μm)
    ((Measure.pi fun i => μm).prod (Measure.pi fun i => μm))
hemb : MeasurableEmbedding ⇑e
φ : ({ ℓ // ℓ ∈ {ℓ₀} } → G) → ℝ := fun y => f₀ (y default)
hφ : φ = fun y => f₀ (y default)
step1 :
  ∫ (U : Config N G), f₀ (U ℓ₀) ∂configMeasure μm N =
    ∫ (w : ({ ℓ // ℓ ∈ {ℓ₀} } → G) × ({ ℓ // ℓ ∉ {ℓ₀} } → G)),
      φ w.1 * 1 ∂(Measure.pi fun x => μm).prod (Measure.pi fun x => μm)
step2 :
  ∫ (w : ({ ℓ // ℓ ∈ {ℓ₀} } → G) × ({ ℓ // ℓ ∉ {ℓ₀} } → G)),
      φ w.1 * 1 ∂(Measure.pi fun x => μm).prod (Measure.pi fun x => μm) =
    ∫ (y : { ℓ // ℓ ∈ {ℓ₀} }
------------------------------------------------------------

######################################################################
## TENTATIVA v2 — equiv composta E = piEquivPiSubtypeProd.trans (funUnique.prodCongr refl)
######################################################################
error: ././././LatticeGauge/SingleLink.lean:52:18: application type mismatch
  MeasurePreserving.comp h2 h1
argument
  h1
has type
  MeasurePreserving (⇑(MeasurableEquiv.piEquivPiSubtypeProd (fun x => G) fun x => x ∈ {ℓ₀})) (Measure.pi fun x => μm)
    ((@Measure.pi { x // x ∈ {ℓ₀} } (fun i => G) (Subtype.fintype fun x => x ∈ {ℓ₀}) (fun i => inst✝³) fun i => μm).prod
      (Measure.pi fun i => μm)) : Prop
but is expected to have type
  MeasurePreserving (MeasurableEquiv.piEquivPiSubtypeProd (fun x => G) fun x => x ∈ {ℓ₀}).toEquiv.1 (configMeasure μm N)
    ((@Measure.pi { ℓ // ℓ ∈ {ℓ₀} } (fun a => G) Unique.fintype (fun i => inst✝³) fun x => μm).prod
      (Measure.pi fun x => μm)) : Prop
error: ././././LatticeGauge/SingleLink.lean:60:8: tactic 'rfl' failed, the left-hand side
  f₀ (U ℓ₀)
is not definitionally equal to the right-hand side
  f₀ (E U).1
N : ℕ
G : Type u_1
inst✝⁴ : Group G
inst✝³ : MeasurableSpace G
μm : Measure G
inst✝² : SigmaFinite μm
inst✝¹ : IsProbabilityMeasure μm
inst✝ : NeZero N
ℓ₀ : Link N
f₀ : G → ℝ
mf₀ : Measurable f₀
huniq : Unique { ℓ // ℓ ∈ {ℓ₀} }
E : Config N G ≃ᵐ G × ({ ℓ // ℓ ∉ {ℓ₀} } → G) :=
  (MeasurableEquiv.piEquivPiSubtypeProd (fun x => G) fun x => x ∈ {ℓ₀}).trans
    ((MeasurableEquiv.funUnique { ℓ // ℓ ∈ {ℓ₀} } G).prodCongr (MeasurableEquiv.refl ({ i // i ∉ {ℓ₀} } → G)))
hE :
  E =
    (MeasurableEquiv.piEquivPiSubtypeProd (fun x => G) fun x => x ∈ {ℓ₀}).trans
      ((MeasurableEquiv.funUnique { ℓ // ℓ ∈ {ℓ₀} } G).prodCongr (MeasurableEquiv.refl ({ i // i ∉ {ℓ₀} } → G)))
hmpE : MeasurePreserving (⇑E) (configMeasure μm N) (μm.prod (Measu
------------------------------------------------------------
error: ././././LatticeGauge/SingleLink.lean:60:8: tactic 'rfl' failed, the left-hand side
  f₀ (U ℓ₀)
is not definitionally equal to the right-hand side
  f₀ (E U).1
N : ℕ
G : Type u_1
inst✝⁴ : Group G
inst✝³ : MeasurableSpace G
μm : Measure G
inst✝² : SigmaFinite μm
inst✝¹ : IsProbabilityMeasure μm
inst✝ : NeZero N
ℓ₀ : Link N
f₀ : G → ℝ
mf₀ : Measurable f₀
huniq : Unique { ℓ // ℓ ∈ {ℓ₀} }
E : Config N G ≃ᵐ G × ({ ℓ // ℓ ∉ {ℓ₀} } → G) :=
  (MeasurableEquiv.piEquivPiSubtypeProd (fun x => G) fun x => x ∈ {ℓ₀}).trans
    ((MeasurableEquiv.funUnique { ℓ // ℓ ∈ {ℓ₀} } G).prodCongr (MeasurableEquiv.refl ({ i // i ∉ {ℓ₀} } → G)))
hE :
  E =
    (MeasurableEquiv.piEquivPiSubtypeProd (fun x => G) fun x => x ∈ {ℓ₀}).trans
      ((MeasurableEquiv.funUnique { ℓ // ℓ ∈ {ℓ₀} } G).prodCongr (MeasurableEquiv.refl ({ i // i ∉ {ℓ₀} } → G)))
hmpE : MeasurePreserving (⇑E) (configMeasure μm N) (μm.prod (Measure.pi fun x => μm))
hemb : MeasurableEmbedding ⇑E
U : Config N G
⊢ f₀ (U ℓ₀) = f₀ (E U).1
error: ././././LatticeGauge/SingleLink.lean:64:8: type mismatch
  MeasurePreserving.integral_comp hmpE hemb ?m.17267
has type
  ∫ (x : Config N G), ?m.17267 (E x) ∂configMeasure μm N =
    ∫ (y : G × ({ ℓ // ℓ ∉ {ℓ₀} } → G)), ?m.17267 y ∂μm.prod (Measure.pi fun x => μm) : Prop
but is expected to have type
  ∫ (U : Config N G), (fun w => f₀ w.1 * 1) (E U) ∂configMeasure μm N =
    ∫ (w : G × ({ ℓ // ℓ ∉ {ℓ₀} } → G)), f₀ w.1 * 1 ∂μm.prod (Measure.pi fun x => μm) : Prop
error: Lean exited with code 1
Some required builds logged failures:
- LatticeGauge.SingleLink
error: build failed
##[error]Process comp
------------------------------------------------------------
error: ././././LatticeGauge/SingleLink.lean:64:8: type mismatch
  MeasurePreserving.integral_comp hmpE hemb ?m.17267
has type
  ∫ (x : Config N G), ?m.17267 (E x) ∂configMeasure μm N =
    ∫ (y : G × ({ ℓ // ℓ ∉ {ℓ₀} } → G)), ?m.17267 y ∂μm.prod (Measure.pi fun x => μm) : Prop
but is expected to have type
  ∫ (U : Config N G), (fun w => f₀ w.1 * 1) (E U) ∂configMeasure μm N =
    ∫ (w : G × ({ ℓ // ℓ ∉ {ℓ₀} } → G)), f₀ w.1 * 1 ∂μm.prod (Measure.pi fun x => μm) : Prop
error: Lean exited with code 1
Some required builds logged failures:
- LatticeGauge.SingleLink
error: build failed
##[error]Process completed with exit code 1.
Node 20 is being deprecated. This workflow is running with Node 24 by default. If you need to temporarily use Node 20, you can set the ACTIONS_ALLOW_USE_UNSECURE_NODE_VERSION=true environment variable. For more information see: https://github.blog/changelog/2025-09-19-deprecation-of-node-20-on-github-actions-runners/
Post job cleanup.
[command]/usr/bin/git version
git version 2.54.0
Temporarily overriding HOME='/home/runner/work/_temp/b7cf9e2f-d966-4c23-aacc-b48a7aa818fa' before making global git config changes
Adding repository directory to the temporary git global config as a safe directory
[command]/usr/bin/git config --global --add safe.directory /home/runner/work/yang-mills-mass-gap/yang-mills-mass-gap
[command]/usr/bin/git config --local --name-only --get-regexp core\.sshCommand
[command]/usr/bin/git submodule foreach --recursive sh -c "git config --local --name-only --get-regexp 'core\.sshCommand' && git config --local --unset-all 'core.sshCommand
------------------------------------------------------------

######################################################################
## TENTATIVA v2b — letI Fintype/Decidable alinhados
######################################################################
error: ././././LatticeGauge/SingleLink.lean:57:18: application type mismatch
  MeasurePreserving.comp h2 h1
argument
  h1
has type
  MeasurePreserving (⇑(MeasurableEquiv.piEquivPiSubtypeProd (fun x => G) fun x => x ∈ {ℓ₀})) (Measure.pi fun x => μm)
    ((@Measure.pi { x // x ∈ {ℓ₀} } (fun i => G) (Subtype.fintype fun x => x ∈ {ℓ₀}) (fun i => inst✝³) fun i => μm).prod
      (Measure.pi fun i => μm)) : Prop
but is expected to have type
  MeasurePreserving (MeasurableEquiv.piEquivPiSubtypeProd (fun x => G) fun x => x ∈ {ℓ₀}).toEquiv.1 (configMeasure μm N)
    ((@Measure.pi { ℓ // ℓ ∈ {ℓ₀} } (fun a => G) Unique.fintype (fun i => inst✝³) fun x => μm).prod
      (Measure.pi fun x => μm)) : Prop
error: ././././LatticeGauge/SingleLink.lean:65:8: tactic 'rfl' failed, the left-hand side
  f₀ (U ℓ₀)
is not definitionally equal to the right-hand side
  f₀
    (((MeasurableEquiv.piEquivPiSubtypeProd (fun x => G) fun x => x ∈ {ℓ₀}).trans
          ((MeasurableEquiv.funUnique { ℓ // ℓ ∈ {ℓ₀} } G).prodCongr (MeasurableEquiv.refl ({ i // i ∉ {ℓ₀} } → G))))
        U).1
N : ℕ
G : Type u_1
inst✝⁴ : Group G
inst✝³ : MeasurableSpace G
μm : Measure G
inst✝² : SigmaFinite μm
inst✝¹ : IsProbabilityMeasure μm
inst✝ : NeZero N
ℓ₀ : Link N
f₀ : G → ℝ
mf₀ : Measurable f₀
this✝¹ : DecidablePred fun x => x ∈ {ℓ₀} := fun x => Classical.dec ((fun x => x ∈ {ℓ₀}) x)
this✝ : Fintype { ℓ // ℓ ∈ {ℓ₀} } := Subtype.fintype (Membership.mem {ℓ₀})
this : Fintype { ℓ // ℓ ∉ {ℓ₀} } := Subtype.fintype fun ℓ => ℓ ∉ {ℓ₀}
huniq : Unique { ℓ // ℓ ∈ {ℓ₀} }
E : Config N G ≃ᵐ G × ({ ℓ // ℓ ∉ {ℓ₀} } → G) :=
  (MeasurableEquiv
------------------------------------------------------------
error: ././././LatticeGauge/SingleLink.lean:65:8: tactic 'rfl' failed, the left-hand side
  f₀ (U ℓ₀)
is not definitionally equal to the right-hand side
  f₀
    (((MeasurableEquiv.piEquivPiSubtypeProd (fun x => G) fun x => x ∈ {ℓ₀}).trans
          ((MeasurableEquiv.funUnique { ℓ // ℓ ∈ {ℓ₀} } G).prodCongr (MeasurableEquiv.refl ({ i // i ∉ {ℓ₀} } → G))))
        U).1
N : ℕ
G : Type u_1
inst✝⁴ : Group G
inst✝³ : MeasurableSpace G
μm : Measure G
inst✝² : SigmaFinite μm
inst✝¹ : IsProbabilityMeasure μm
inst✝ : NeZero N
ℓ₀ : Link N
f₀ : G → ℝ
mf₀ : Measurable f₀
this✝¹ : DecidablePred fun x => x ∈ {ℓ₀} := fun x => Classical.dec ((fun x => x ∈ {ℓ₀}) x)
this✝ : Fintype { ℓ // ℓ ∈ {ℓ₀} } := Subtype.fintype (Membership.mem {ℓ₀})
this : Fintype { ℓ // ℓ ∉ {ℓ₀} } := Subtype.fintype fun ℓ => ℓ ∉ {ℓ₀}
huniq : Unique { ℓ // ℓ ∈ {ℓ₀} }
E : Config N G ≃ᵐ G × ({ ℓ // ℓ ∉ {ℓ₀} } → G) :=
  (MeasurableEquiv.piEquivPiSubtypeProd (fun x => G) fun x => x ∈ {ℓ₀}).trans
    ((MeasurableEquiv.funUnique { ℓ // ℓ ∈ {ℓ₀} } G).prodCongr (MeasurableEquiv.refl ({ i // i ∉ {ℓ₀} } → G)))
hE :
  E =
    (MeasurableEquiv.piEquivPiSubtypeProd (fun x => G) fun x => x ∈ {ℓ₀}).trans
      ((MeasurableEquiv.funUnique { ℓ // ℓ ∈ {ℓ₀} } G).prodCongr (MeasurableEquiv.refl ({ i // i ∉ {ℓ₀} } → G)))
hmpE : MeasurePreserving (⇑E) (configMeasure μm N) (μm.prod (Measure.pi fun x => μm))
hemb : MeasurableEmbedding ⇑E
U : Config N G
⊢ f₀ (U ℓ₀) =
    f₀
      (((MeasurableEquiv.piEquivPiSubtypeProd (fun x => G) fun x => x ∈ {ℓ₀}).trans
            ((MeasurableEquiv.funUnique { ℓ // ℓ ∈ {ℓ₀} } G).prodCongr (MeasurableEquiv
------------------------------------------------------------

######################################################################
## TENTATIVA v3 — calc sequencial sem comp, letI Unique, convert+Subsingleton
######################################################################
error: ././././LatticeGauge/SingleLink.lean:50:8: type mismatch
  MeasurePreserving.integral_comp hmp hemb ?m.29153
has type
  (∫ (x : Link N → G),
      ?m.29153 ((MeasurableEquiv.piEquivPiSubtypeProd (fun x => G) fun x => x ∈ {ℓ₀}) x) ∂Measure.pi fun x => μm) =
    ∫ (y : ({ x // x ∈ {ℓ₀} } → G) × ({ i // i ∉ {ℓ₀} } → G)),
      ?m.29153 y ∂(Measure.pi fun i => μm).prod (Measure.pi fun i => μm) : Prop
but is expected to have type
  ∫ (U : Config N G),
      (fun w => f₀ (w.1 default) * 1)
        ((MeasurableEquiv.piEquivPiSubtypeProd (fun x => G) fun x => x ∈ {ℓ₀}) U) ∂configMeasure μm N =
    ∫ (w : ({ ℓ // ℓ ∈ {ℓ₀} } → G) × ({ ℓ // ℓ ∉ {ℓ₀} } → G)),
      f₀ (w.1 default) * 1 ∂(Measure.pi fun x => μm).prod (Measure.pi fun x => μm) : Prop
error: ././././LatticeGauge/SingleLink.lean:54:40: function expected at
  y
term has type
  ?m.34406
error: ././././LatticeGauge/SingleLink.lean:43:35: unsolved goals
N : ℕ
G : Type u_1
inst✝⁴ : Group G
inst✝³ : MeasurableSpace G
μm : Measure G
inst✝² : SigmaFinite μm
inst✝¹ : IsProbabilityMeasure μm
inst✝ : NeZero N
ℓ₀ : Link N
f₀ : G → ℝ
mf₀ : Measurable f₀
huniq : Unique { ℓ // ℓ ∈ {ℓ₀} } := { default := ⟨ℓ₀, ⋯⟩, uniq := ⋯ }
hmp :
  MeasurePreserving (⇑(MeasurableEquiv.piEquivPiSubtypeProd (fun x => G) fun x => x ∈ {ℓ₀})) (Measure.pi fun x => μm)
    ((Measure.pi fun i => μm).prod (Measure.pi fun i => μm))
hemb : MeasurableEmbedding ⇑(MeasurableEquiv.piEquivPiSubtypeProd (fun x => G) fun x => x ∈ {ℓ₀})
U : Config N G
⊢ f₀ (U ℓ₀) = f₀ (U ↑default)
error: ././././LatticeGauge/SingleLink.lean:63:8: no goals to be solved
error: Lean exi
------------------------------------------------------------
error: ././././LatticeGauge/SingleLink.lean:54:40: function expected at
  y
term has type
  ?m.34406
error: ././././LatticeGauge/SingleLink.lean:43:35: unsolved goals
N : ℕ
G : Type u_1
inst✝⁴ : Group G
inst✝³ : MeasurableSpace G
μm : Measure G
inst✝² : SigmaFinite μm
inst✝¹ : IsProbabilityMeasure μm
inst✝ : NeZero N
ℓ₀ : Link N
f₀ : G → ℝ
mf₀ : Measurable f₀
huniq : Unique { ℓ // ℓ ∈ {ℓ₀} } := { default := ⟨ℓ₀, ⋯⟩, uniq := ⋯ }
hmp :
  MeasurePreserving (⇑(MeasurableEquiv.piEquivPiSubtypeProd (fun x => G) fun x => x ∈ {ℓ₀})) (Measure.pi fun x => μm)
    ((Measure.pi fun i => μm).prod (Measure.pi fun i => μm))
hemb : MeasurableEmbedding ⇑(MeasurableEquiv.piEquivPiSubtypeProd (fun x => G) fun x => x ∈ {ℓ₀})
U : Config N G
⊢ f₀ (U ℓ₀) = f₀ (U ↑default)
error: ././././LatticeGauge/SingleLink.lean:63:8: no goals to be solved
error: Lean exited with code 1
Some required builds logged failures:
- LatticeGauge.SingleLink
error: build failed
##[error]Process completed with exit code 1.
Node 20 is being deprecated. This workflow is running with Node 24 by default. If you need to temporarily use Node 20, you can set the ACTIONS_ALLOW_USE_UNSECURE_NODE_VERSION=true environment variable. For more information see: https://github.blog/changelog/2025-09-19-deprecation-of-node-20-on-github-actions-runners/
Post job cleanup.
[command]/usr/bin/git version
git version 2.54.0
Temporarily overriding HOME='/home/runner/work/_temp/8738151a-16d2-4e33-b4b0-b2e8ac7822b7' before making global git config changes
Adding repository directory to the temporary git global config as a safe directory
[command
------------------------------------------------------------
error: ././././LatticeGauge/SingleLink.lean:43:35: unsolved goals
N : ℕ
G : Type u_1
inst✝⁴ : Group G
inst✝³ : MeasurableSpace G
μm : Measure G
inst✝² : SigmaFinite μm
inst✝¹ : IsProbabilityMeasure μm
inst✝ : NeZero N
ℓ₀ : Link N
f₀ : G → ℝ
mf₀ : Measurable f₀
huniq : Unique { ℓ // ℓ ∈ {ℓ₀} } := { default := ⟨ℓ₀, ⋯⟩, uniq := ⋯ }
hmp :
  MeasurePreserving (⇑(MeasurableEquiv.piEquivPiSubtypeProd (fun x => G) fun x => x ∈ {ℓ₀})) (Measure.pi fun x => μm)
    ((Measure.pi fun i => μm).prod (Measure.pi fun i => μm))
hemb : MeasurableEmbedding ⇑(MeasurableEquiv.piEquivPiSubtypeProd (fun x => G) fun x => x ∈ {ℓ₀})
U : Config N G
⊢ f₀ (U ℓ₀) = f₀ (U ↑default)
error: ././././LatticeGauge/SingleLink.lean:63:8: no goals to be solved
error: Lean exited with code 1
Some required builds logged failures:
- LatticeGauge.SingleLink
error: build failed
##[error]Process completed with exit code 1.
Node 20 is being deprecated. This workflow is running with Node 24 by default. If you need to temporarily use Node 20, you can set the ACTIONS_ALLOW_USE_UNSECURE_NODE_VERSION=true environment variable. For more information see: https://github.blog/changelog/2025-09-19-deprecation-of-node-20-on-github-actions-runners/
Post job cleanup.
[command]/usr/bin/git version
git version 2.54.0
Temporarily overriding HOME='/home/runner/work/_temp/8738151a-16d2-4e33-b4b0-b2e8ac7822b7' before making global git config changes
Adding repository directory to the temporary git global config as a safe directory
[command]/usr/bin/git config --global --add safe.directory /home/runner/work/yang-mills-mass-gap/yang-mills-m
------------------------------------------------------------
error: ././././LatticeGauge/SingleLink.lean:63:8: no goals to be solved
error: Lean exited with code 1
Some required builds logged failures:
- LatticeGauge.SingleLink
error: build failed
##[error]Process completed with exit code 1.
Node 20 is being deprecated. This workflow is running with Node 24 by default. If you need to temporarily use Node 20, you can set the ACTIONS_ALLOW_USE_UNSECURE_NODE_VERSION=true environment variable. For more information see: https://github.blog/changelog/2025-09-19-deprecation-of-node-20-on-github-actions-runners/
Post job cleanup.
[command]/usr/bin/git version
git version 2.54.0
Temporarily overriding HOME='/home/runner/work/_temp/8738151a-16d2-4e33-b4b0-b2e8ac7822b7' before making global git config changes
Adding repository directory to the temporary git global config as a safe directory
[command]/usr/bin/git config --global --add safe.directory /home/runner/work/yang-mills-mass-gap/yang-mills-mass-gap
[command]/usr/bin/git config --local --name-only --get-regexp core\.sshCommand
[command]/usr/bin/git submodule foreach --recursive sh -c "git config --local --name-only --get-regexp 'core\.sshCommand' && git config --local --unset-all 'core.sshCommand' || :"
[command]/usr/bin/git config --local --name-only --get-regexp http\.https\:\/\/github\.com\/\.extraheader
http.https://github.com/.extraheader
[command]/usr/bin/git config --local --unset-all http.https://github.com/.extraheader
[command]/usr/bin/git submodule foreach --recursive sh -c "git config --local --name-only --get-regexp 'http\.https\:\/\/github\.com\/\.extraheader' && git config 
------------------------------------------------------------